// Jest Snapshot v1, https://goo.gl/fbAQLP

exports[`ReviewPage: correctly rendered 1`] = `null`;
