// Jest Snapshot v1, https://goo.gl/fbAQLP

exports[`VideoPlayer: correctly rendered 1`] = `
<div
  className="player"
  style={
    Object {
      "display": "none",
    }
  }
>
  <video
    className="player__video"
  />
  <button
    className="player__exit"
    onClick={[Function]}
    title="Exit"
    type="button"
  >
    Exit
  </button>
  <div
    className="player__controls"
  >
    <div
      className="player__controls-row"
    >
      <div
        className="player__time"
      >
        <progress
          className="player__progress"
          max="100"
          value={0}
        />
        <div
          className="player__toggler"
          style={
            Object {
              "left": "0%",
            }
          }
        >
          Toggler
        </div>
      </div>
      <div
        className="player__time-value"
      >
        12:00:00
      </div>
    </div>
    <div
      className="player__controls-row"
    >
      <button
        className="player__play"
        onClick={[Function]}
        title="Play"
        type="button"
      >
        <svg
          height="21"
          viewBox="0 0 320.001 320.001"
          width="14"
        >
          <use
            xlinkHref="#play"
          />
        </svg>
        <span>
          Play
        </span>
      </button>
      <div
        className="player__name"
      >
        Transpotting
      </div>
      <button
        className="player__full-screen"
        onClick={[Function]}
        title="Full screen"
        type="button"
      >
        <svg
          height="27"
          viewBox="0 0 27 27"
          width="27"
        >
          <use
            xlinkHref="#full-screen"
          />
        </svg>
        <span>
          Full screen
        </span>
      </button>
    </div>
  </div>
</div>
`;
