// Jest Snapshot v1, https://goo.gl/fbAQLP

exports[`FavoritesPage: correctly rendered 1`] = `null`;
