// Jest Snapshot v1, https://goo.gl/fbAQLP

exports[`Promo: correctly rendered 1`] = `
<div
  className="movie-card__wrap"
>
  <div
    className="movie-card__info"
  >
    <div
      className="movie-card__poster"
    >
      <img
        alt="undefined poster"
        height="327"
        width="218"
      />
    </div>
    <div
      className="movie-card__desc"
    >
      <h2
        className="movie-card__title"
      />
      <p
        className="movie-card__meta"
      >
        <span
          className="movie-card__genre"
        >
          Comedy
        </span>
        <span
          className="movie-card__year"
        />
      </p>
      <div
        className="movie-card__buttons"
      >
        <button
          className="btn btn--play movie-card__button"
          onClick={[Function]}
          title="Play"
          type="button"
        >
          <svg
            height="19"
            viewBox="0 0 19 19"
            width="19"
          >
            <use
              xlinkHref="#play"
            />
          </svg>
          <span>
            Play
          </span>
        </button>
        <button
          className="btn btn--list movie-card__button"
          onClick={[Function]}
          title="My list"
          type="button"
        >
          <svg
            height="20"
            viewBox="0 0 19 20"
            width="19"
          >
            <use
              xlinkHref="#add"
            />
          </svg>
          <span>
            My list
          </span>
        </button>
      </div>
    </div>
    <div
      className="player"
      style={
        Object {
          "display": "none",
        }
      }
    >
      <div
        className="sc-AxjAm fcmpGc"
      >
        <div
          className="sc-AxirZ fLbCRQ"
          rotate="rotate(0deg)"
        />
        <div
          className="sc-AxirZ iRnakP"
          rotate="rotate(30deg)"
        />
        <div
          className="sc-AxirZ jJDLSA"
          rotate="rotate(60deg)"
        />
        <div
          className="sc-AxirZ cfISCN"
          rotate="rotate(90deg)"
        />
        <div
          className="sc-AxirZ jYaMud"
          rotate="rotate(120deg)"
        />
        <div
          className="sc-AxirZ kCauMN"
          rotate="rotate(150deg)"
        />
        <div
          className="sc-AxirZ bbuhJx"
          rotate="rotate(180deg)"
        />
        <div
          className="sc-AxirZ RfLVX"
          rotate="rotate(210deg)"
        />
        <div
          className="sc-AxirZ iDvjl"
          rotate="rotate(240deg)"
        />
        <div
          className="sc-AxirZ fchBdo"
          rotate="rotate(270deg)"
        />
        <div
          className="sc-AxirZ fGeryM"
          rotate="rotate(300deg)"
        />
        <div
          className="sc-AxirZ eVSKan"
          rotate="rotate(330deg)"
        />
      </div>
      <video
        className="player__video"
        onCanPlayThrough={[Function]}
      />
    </div>
  </div>
</div>
`;
