// Jest Snapshot v1, https://goo.gl/fbAQLP

exports[`Notification: correctly rendered 1`] = `
<div
  className="sc-AxjAm PAzfP"
>
  Test
</div>
`;
