// Jest Snapshot v1, https://goo.gl/fbAQLP

exports[`FilmPage: correctly rendered 1`] = `
Array [
  <section
    className="movie-card movie-card--full"
    style={
      Object {
        "backgroundColor": undefined,
      }
    }
  >
    <div
      className="movie-card__hero"
    >
      <div
        className="movie-card__bg"
      >
        <img />
      </div>
      <h1
        className="visually-hidden"
      >
        WTW
      </h1>
      <header
        className="page-header movie-card__head"
      >
        <div
          className="logo"
        >
          <a
            className="logo__link"
            onClick={[Function]}
            style={
              Object {
                "cursor": "pointer",
              }
            }
            title="To the main page"
          >
            <span
              className="logo__letter logo__letter--1"
            >
              W
            </span>
            <span
              className="logo__letter logo__letter--2"
            >
              T
            </span>
            <span
              className="logo__letter logo__letter--3"
            >
              W
            </span>
          </a>
        </div>
        <div
          className="user-block"
        >
          <a
            className="user-block__link"
            onClick={[Function]}
            title="To the login page"
          >
            Sign in
          </a>
        </div>
      </header>
      <div
        className="movie-card__wrap"
      >
        <div
          className="movie-card__desc"
        >
          <h2
            className="movie-card__title"
          />
          <p
            className="movie-card__meta"
          >
            <span
              className="movie-card__genre"
            >
              Thriller
            </span>
            <span
              className="movie-card__year"
            />
          </p>
          <div
            className="movie-card__buttons"
          >
            <button
              className="btn btn--play movie-card__button"
              onClick={[Function]}
              title="Play"
              type="button"
            >
              <svg
                height="19"
                viewBox="0 0 19 19"
                width="19"
              >
                <use
                  xlinkHref="#play"
                />
              </svg>
              <span>
                Play
              </span>
            </button>
            <button
              className="btn btn--list movie-card__button"
              onClick={[Function]}
              title="My list"
              type="button"
            >
              <svg
                height="20"
                viewBox="0 0 19 20"
                width="19"
              >
                <use
                  xlinkHref="#add"
                />
              </svg>
              <span>
                My list
              </span>
            </button>
            <a
              className="btn btn--add-review movie-card__button"
              onClick={[Function]}
              title="Add review"
            >
              Add review
            </a>
          </div>
        </div>
      </div>
    </div>
    <div
      className="movie-card__wrap movie-card__translate-top"
    >
      <div
        className="movie-card__info"
      >
        <div
          className="movie-card__poster movie-card__poster--big"
        >
          <img
            alt="undefined poster"
            height="327"
            width="218"
          />
        </div>
        <div
          className="movie-card__desc"
        >
          <nav
            className="movie-nav movie-card__nav"
          >
            <ul
              className="movie-nav__list"
            >
              <li
                className="movie-nav__item movie-nav__item--active"
              >
                <a
                  className="movie-nav__link"
                  onClick={[Function]}
                  style={
                    Object {
                      "cursor": "default",
                    }
                  }
                  title=""
                >
                  Overview
                </a>
              </li>
              <li
                className="movie-nav__item"
              >
                <a
                  className="movie-nav__link"
                  onClick={[Function]}
                  style={Object {}}
                  title="Details"
                >
                  Details
                </a>
              </li>
              <li
                className="movie-nav__item"
              >
                <a
                  className="movie-nav__link"
                  onClick={[Function]}
                  style={Object {}}
                  title="Reviews"
                >
                  Reviews
                </a>
              </li>
            </ul>
          </nav>
          <div
            className="movie-rating"
          >
            <div
              className="movie-rating__score"
            >
              1.0
            </div>
            <p
              className="movie-rating__meta"
            >
              <span
                className="movie-rating__level"
              >
                Bad
              </span>
              <span
                className="movie-rating__count"
              >
                undefined ratings
              </span>
            </p>
          </div>
          <div
            className="movie-card__text"
          >
            <p>
              
            </p>
            <p
              className="movie-card__director"
            >
              <strong>
                Director: 
              </strong>
            </p>
            <p
              className="movie-card__starring"
            >
              <strong>
                Starring: , 
              </strong>
            </p>
          </div>
        </div>
        <div
          className="player"
          style={
            Object {
              "display": "none",
            }
          }
        >
          <div
            className="sc-AxjAm fcmpGc"
          >
            <div
              className="sc-AxirZ fLbCRQ"
              rotate="rotate(0deg)"
            />
            <div
              className="sc-AxirZ iRnakP"
              rotate="rotate(30deg)"
            />
            <div
              className="sc-AxirZ jJDLSA"
              rotate="rotate(60deg)"
            />
            <div
              className="sc-AxirZ cfISCN"
              rotate="rotate(90deg)"
            />
            <div
              className="sc-AxirZ jYaMud"
              rotate="rotate(120deg)"
            />
            <div
              className="sc-AxirZ kCauMN"
              rotate="rotate(150deg)"
            />
            <div
              className="sc-AxirZ bbuhJx"
              rotate="rotate(180deg)"
            />
            <div
              className="sc-AxirZ RfLVX"
              rotate="rotate(210deg)"
            />
            <div
              className="sc-AxirZ iDvjl"
              rotate="rotate(240deg)"
            />
            <div
              className="sc-AxirZ fchBdo"
              rotate="rotate(270deg)"
            />
            <div
              className="sc-AxirZ fGeryM"
              rotate="rotate(300deg)"
            />
            <div
              className="sc-AxirZ eVSKan"
              rotate="rotate(330deg)"
            />
          </div>
          <video
            className="player__video"
            onCanPlayThrough={[Function]}
          />
        </div>
      </div>
    </div>
  </section>,
  <div
    className="page-content"
    style={
      Object {
        "backgroundImage": "linear-gradient(-180deg, undefined 0%, undefined 100%)",
      }
    }
  >
    <section
      className="catalog catalog--like-this"
    >
      <h2
        className="catalog__title"
      >
        More like this
      </h2>
      <div
        className="catalog__movies-list"
      >
        <article
          className="small-movie-card catalog__movies-card"
        >
          <div
            className="small-movie-card__image"
            onClick={[Function]}
          >
            <img
              height="175"
              width="280"
            />
          </div>
          <h3
            className="small-movie-card__title"
          >
            <a
              className="small-movie-card__link"
            />
          </h3>
        </article>
      </div>
    </section>
    <footer
      className="page-footer"
    >
      <div
        className="logo"
      >
        <a
          className="logo__link logo__link--light"
          onClick={[Function]}
          style={
            Object {
              "cursor": "pointer",
            }
          }
          title="To the main page"
        >
          <span
            className="logo__letter logo__letter--1"
          >
            W
          </span>
          <span
            className="logo__letter logo__letter--2"
          >
            T
          </span>
          <span
            className="logo__letter logo__letter--3"
          >
            W
          </span>
        </a>
      </div>
      <div
        className="copyright"
      >
        <p>
          Â© 2020 What to watch Ltd.
        </p>
      </div>
    </footer>
  </div>,
]
`;
