// Jest Snapshot v1, https://goo.gl/fbAQLP

exports[`ReviewFormContainer: correctly rendered 1`] = `
<form
  action="#"
  className="add-review__form"
  onReset={[Function]}
  onSubmit={[Function]}
>
  <div
    className="rating"
  >
    <div
      className="rating__stars"
    >
      <input
        checked={false}
        className="rating__input"
        id="star-5"
        name="rating"
        onBlur={[Function]}
        onChange={[Function]}
        type="radio"
        value={5}
      />
      <label
        className="rating__label"
        htmlFor="star-5"
      >
        Rating-5
      </label>
      <input
        checked={false}
        className="rating__input"
        id="star-4"
        name="rating"
        onBlur={[Function]}
        onChange={[Function]}
        type="radio"
        value={4}
      />
      <label
        className="rating__label"
        htmlFor="star-4"
      >
        Rating-4
      </label>
      <input
        checked={false}
        className="rating__input"
        id="star-3"
        name="rating"
        onBlur={[Function]}
        onChange={[Function]}
        type="radio"
        value={3}
      />
      <label
        className="rating__label"
        htmlFor="star-3"
      >
        Rating-3
      </label>
      <input
        checked={false}
        className="rating__input"
        id="star-2"
        name="rating"
        onBlur={[Function]}
        onChange={[Function]}
        type="radio"
        value={2}
      />
      <label
        className="rating__label"
        htmlFor="star-2"
      >
        Rating-2
      </label>
      <input
        checked={false}
        className="rating__input"
        id="star-1"
        name="rating"
        onBlur={[Function]}
        onChange={[Function]}
        type="radio"
        value={1}
      />
      <label
        className="rating__label"
        htmlFor="star-1"
      >
        Rating-1
      </label>
    </div>
  </div>
  <div
    className="add-review__text"
  >
    <textarea
      className="add-review__textarea"
      id="review-text"
      name="review-text"
      onBlur={[Function]}
      onChange={[Function]}
      placeholder="Review text"
      value=""
    />
    <div
      className="add-review__submit"
    >
      <button
        className="add-review__btn"
        title="Post"
        type="submit"
      >
        Post
      </button>
    </div>
  </div>
</form>
`;
