// Jest Snapshot v1, https://goo.gl/fbAQLP

exports[`LoginPage: correctly rendered 1`] = `
<div
  className="user-page"
>
  <div
    className="movie-card__bg"
  >
    <img />
  </div>
  <h1
    className="visually-hidden"
  >
    WTW
  </h1>
  <header
    className="page-header"
  >
    <div
      className="logo"
    >
      <a
        className="logo__link"
        onClick={[Function]}
        style={Object {}}
        title=""
      >
        <span
          className="logo__letter logo__letter--1"
        >
          W
        </span>
        <span
          className="logo__letter logo__letter--2"
        >
          T
        </span>
        <span
          className="logo__letter logo__letter--3"
        >
          W
        </span>
      </a>
    </div>
    <div
      className="user-block"
    >
      <a
        className="user-block__link"
        onClick={[Function]}
        title="To the login page"
      >
        Sign in
      </a>
    </div>
  </header>
  <div
    className="sign-in user-page__content"
  >
    <form
      action="#"
      className="sign-in__form"
      onReset={[Function]}
      onSubmit={[Function]}
    >
      <div
        className="sign-in__fields"
      >
        <div
          className="sign-in__field"
        >
          <input
            className="sign-in__input"
            id="user-email"
            name="email"
            onBlur={[Function]}
            onChange={[Function]}
            placeholder="Email address"
            type="email"
            value=""
          />
          <label
            className="sign-in__label visually-hidden"
            htmlFor="user-email"
          >
            Email address
          </label>
        </div>
        <div
          className="sign-in__field"
        >
          <input
            className="sign-in__input"
            id="user-password"
            name="password"
            onBlur={[Function]}
            onChange={[Function]}
            placeholder="Password"
            type="password"
            value=""
          />
          <label
            className="sign-in__label visually-hidden"
            htmlFor="user-password"
          >
            Password
          </label>
        </div>
      </div>
      <div
        className="sign-in__submit"
      >
        <button
          className="sign-in__btn"
          disabled={false}
          title="Sign in"
          type="submit"
        >
          Sign in
        </button>
      </div>
    </form>
  </div>
  <footer
    className="page-footer"
  >
    <div
      className="logo"
    >
      <a
        className="logo__link logo__link--light"
        onClick={[Function]}
        style={Object {}}
        title=""
      >
        <span
          className="logo__letter logo__letter--1"
        >
          W
        </span>
        <span
          className="logo__letter logo__letter--2"
        >
          T
        </span>
        <span
          className="logo__letter logo__letter--3"
        >
          W
        </span>
      </a>
    </div>
    <div
      className="copyright"
    >
      <p>
        Â© 2020 What to watch Ltd.
      </p>
    </div>
  </footer>
</div>
`;
