// Jest Snapshot v1, https://goo.gl/fbAQLP

exports[`FilmButtons: correctly rendered 1`] = `
Array [
  <button
    className="btn btn--play movie-card__button"
    title="Play"
    type="button"
  >
    <svg
      height="19"
      viewBox="0 0 19 19"
      width="19"
    >
      <use
        xlinkHref="#play"
      />
    </svg>
    <span>
      Play
    </span>
  </button>,
  <button
    className="btn btn--list movie-card__button"
    onClick={[Function]}
    title="My list"
    type="button"
  >
    <svg
      height="20"
      viewBox="0 0 19 20"
      width="19"
    >
      <use
        xlinkHref="#add"
      />
    </svg>
    <span>
      My list
    </span>
  </button>,
]
`;
