// Jest Snapshot v1, https://goo.gl/fbAQLP

exports[`LoginForm: correctly rendered 1`] = `
<form
  action="#"
  className="sign-in__form"
  onReset={[Function]}
  onSubmit={[Function]}
>
  <div
    className="sign-in__fields"
  >
    <div
      className="sign-in__field"
    >
      <input
        className="sign-in__input"
        id="user-email"
        name="email"
        onBlur={[Function]}
        onChange={[Function]}
        placeholder="Email address"
        type="email"
        value=""
      />
      <label
        className="sign-in__label visually-hidden"
        htmlFor="user-email"
      >
        Email address
      </label>
    </div>
    <div
      className="sign-in__field"
    >
      <input
        className="sign-in__input"
        id="user-password"
        name="password"
        onBlur={[Function]}
        onChange={[Function]}
        placeholder="Password"
        type="password"
        value=""
      />
      <label
        className="sign-in__label visually-hidden"
        htmlFor="user-password"
      >
        Password
      </label>
    </div>
  </div>
  <div
    className="sign-in__submit"
  >
    <button
      className="sign-in__btn"
      disabled={false}
      title="Sign in"
      type="submit"
    >
      Sign in
    </button>
  </div>
</form>
`;
