// Jest Snapshot v1, https://goo.gl/fbAQLP

exports[`GenreFilter: correctly rendered 1`] = `
<ul
  className="catalog__genres-list"
>
  <li
    className="catalog__genres-item catalog__genres-item--active"
  >
    <a
      className="catalog__genres-link"
      onClick={[Function]}
      style={
        Object {
          "cursor": "default",
        }
      }
      title=""
    >
      All genres
    </a>
  </li>
  <li
    className="catalog__genres-item"
  >
    <a
      className="catalog__genres-link"
      onClick={[Function]}
      style={Object {}}
      title="Comedy"
    >
      Comedy
    </a>
  </li>
  <li
    className="catalog__genres-item"
  >
    <a
      className="catalog__genres-link"
      onClick={[Function]}
      style={Object {}}
      title="Thriller"
    >
      Thriller
    </a>
  </li>
</ul>
`;
