// Jest Snapshot v1, https://goo.gl/fbAQLP

exports[`Review: correctly rendered 1`] = `
<div
  className="review"
>
  <blockquote
    className="review__quote"
  >
    <p
      className="review__text"
    />
    <footer
      className="review__details"
    >
      <cite
        className="review__author"
      />
      <time
        className="review__date"
        dateTime="NaN-NaN-NaN"
      >
        undefined NaN, NaN
      </time>
    </footer>
  </blockquote>
  <div
    className="review__rating"
  />
</div>
`;
