// Jest Snapshot v1, https://goo.gl/fbAQLP

exports[`MainPage: correctly rendered 1`] = `
Array [
  <section
    className="movie-card"
  >
    <div
      className="movie-card__bg"
    >
      <img />
    </div>
    <h1
      className="visually-hidden"
    >
      WTW
    </h1>
    <header
      className="page-header"
    >
      <div
        className="logo"
      >
        <a
          className="logo__link"
          onClick={[Function]}
          style={Object {}}
          title=""
        >
          <span
            className="logo__letter logo__letter--1"
          >
            W
          </span>
          <span
            className="logo__letter logo__letter--2"
          >
            T
          </span>
          <span
            className="logo__letter logo__letter--3"
          >
            W
          </span>
        </a>
      </div>
      <div
        className="user-block"
      >
        <a
          className="user-block__link"
          onClick={[Function]}
          title="To the login page"
        >
          Sign in
        </a>
      </div>
    </header>
    <div
      className="sc-AxjAm fcmpGc"
    >
      <div
        className="sc-AxirZ fLbCRQ"
        rotate="rotate(0deg)"
      />
      <div
        className="sc-AxirZ iRnakP"
        rotate="rotate(30deg)"
      />
      <div
        className="sc-AxirZ jJDLSA"
        rotate="rotate(60deg)"
      />
      <div
        className="sc-AxirZ cfISCN"
        rotate="rotate(90deg)"
      />
      <div
        className="sc-AxirZ jYaMud"
        rotate="rotate(120deg)"
      />
      <div
        className="sc-AxirZ kCauMN"
        rotate="rotate(150deg)"
      />
      <div
        className="sc-AxirZ bbuhJx"
        rotate="rotate(180deg)"
      />
      <div
        className="sc-AxirZ RfLVX"
        rotate="rotate(210deg)"
      />
      <div
        className="sc-AxirZ iDvjl"
        rotate="rotate(240deg)"
      />
      <div
        className="sc-AxirZ fchBdo"
        rotate="rotate(270deg)"
      />
      <div
        className="sc-AxirZ fGeryM"
        rotate="rotate(300deg)"
      />
      <div
        className="sc-AxirZ eVSKan"
        rotate="rotate(330deg)"
      />
    </div>
  </section>,
  <div
    className="page-content"
    style={
      Object {
        "backgroundImage": "linear-gradient(-180deg, undefined 0%, undefined 100%)",
      }
    }
  >
    <section
      className="catalog"
    >
      <h2
        className="catalog__title visually-hidden"
      >
        Catalog
      </h2>
      <ul
        className="catalog__genres-list"
      >
        <li
          className="catalog__genres-item catalog__genres-item--active"
        >
          <a
            className="catalog__genres-link"
            onClick={[Function]}
            style={
              Object {
                "cursor": "default",
              }
            }
            title=""
          >
            All genres
          </a>
        </li>
        <li
          className="catalog__genres-item"
        >
          <a
            className="catalog__genres-link"
            onClick={[Function]}
            style={Object {}}
            title="Comedy"
          >
            Comedy
          </a>
        </li>
        <li
          className="catalog__genres-item"
        >
          <a
            className="catalog__genres-link"
            onClick={[Function]}
            style={Object {}}
            title="Thriller"
          >
            Thriller
          </a>
        </li>
      </ul>
      <div
        className="catalog__movies-list"
      >
        <article
          className="small-movie-card catalog__movies-card"
        >
          <div
            className="small-movie-card__image"
            onClick={[Function]}
          >
            <img
              height="175"
              width="280"
            />
          </div>
          <h3
            className="small-movie-card__title"
          >
            <a
              className="small-movie-card__link"
            />
          </h3>
        </article>
        <article
          className="small-movie-card catalog__movies-card"
        >
          <div
            className="small-movie-card__image"
            onClick={[Function]}
          >
            <img
              height="175"
              width="280"
            />
          </div>
          <h3
            className="small-movie-card__title"
          >
            <a
              className="small-movie-card__link"
            />
          </h3>
        </article>
        <article
          className="small-movie-card catalog__movies-card"
        >
          <div
            className="small-movie-card__image"
            onClick={[Function]}
          >
            <img
              height="175"
              width="280"
            />
          </div>
          <h3
            className="small-movie-card__title"
          >
            <a
              className="small-movie-card__link"
            />
          </h3>
        </article>
      </div>
      <div
        className="catalog__more"
      />
    </section>
    <footer
      className="page-footer"
    >
      <div
        className="logo"
      >
        <a
          className="logo__link logo__link--light"
          onClick={[Function]}
          style={Object {}}
          title=""
        >
          <span
            className="logo__letter logo__letter--1"
          >
            W
          </span>
          <span
            className="logo__letter logo__letter--2"
          >
            T
          </span>
          <span
            className="logo__letter logo__letter--3"
          >
            W
          </span>
        </a>
      </div>
      <div
        className="copyright"
      >
        <p>
          Â© 2020 What to watch Ltd.
        </p>
      </div>
    </footer>
  </div>,
]
`;
