// Jest Snapshot v1, https://goo.gl/fbAQLP

exports[`ErrorBoundary: correctly rendered 1`] = `"Test"`;
